Archive member included because of file (symbol)

c:/program files (x86)/atmel/atmel toolchain/avr8 gcc/native/3.4.1061/avr8-gnu-toolchain/bin/../lib/gcc/avr/4.8.1/avr4\libgcc.a(_divmodhi4.o)
                              lcd.o (__divmodhi4)
c:/program files (x86)/atmel/atmel toolchain/avr8 gcc/native/3.4.1061/avr8-gnu-toolchain/bin/../lib/gcc/avr/4.8.1/avr4\libgcc.a(_exit.o)
                              c:/program files (x86)/atmel/atmel toolchain/avr8 gcc/native/3.4.1061/avr8-gnu-toolchain/bin/../lib/gcc/avr/4.8.1/../../../../avr/lib/avr4/crtm88.o (exit)
c:/program files (x86)/atmel/atmel toolchain/avr8 gcc/native/3.4.1061/avr8-gnu-toolchain/bin/../lib/gcc/avr/4.8.1/avr4\libgcc.a(_copy_data.o)
                              lcd.o (__do_copy_data)
c:/program files (x86)/atmel/atmel toolchain/avr8 gcc/native/3.4.1061/avr8-gnu-toolchain/bin/../lib/gcc/avr/4.8.1/avr4\libgcc.a(_clear_bss.o)
                              projecto.o (__do_clear_bss)
c:/program files (x86)/atmel/atmel toolchain/avr8 gcc/native/3.4.1061/avr8-gnu-toolchain/bin/../lib/gcc/avr/4.8.1/avr4\libgcc.a(_udivmodhi4.o)
                              c:/program files (x86)/atmel/atmel toolchain/avr8 gcc/native/3.4.1061/avr8-gnu-toolchain/bin/../lib/gcc/avr/4.8.1/avr4\libgcc.a(_divmodhi4.o) (__udivmodhi4)

Allocating common symbols
Common symbol       size              file

rega2_minuto_inicio
                    0x1               projecto.o
horas               0x1               projecto.o
rega2_hora_inicio   0x1               projecto.o
rega1_hora_fim      0x1               projecto.o
rega1_minuto_fim    0x1               projecto.o
minuto_inicio_rega  0x1               projecto.o
variavel_segundo    0x1               projecto.o
hora_inicio_rega    0x1               projecto.o
digito_hora         0x1               projecto.o
minuto_fim_rega     0x1               projecto.o
seguro2_minuto_fim  0x1               projecto.o
rega2_hora_fim      0x1               projecto.o
seguro1_minuto_fim  0x1               projecto.o
seguro2_minuto_inicio
                    0x1               projecto.o
variavel_minuto     0x1               projecto.o
segundos            0x1               projecto.o
seguro1_hora_inicio
                    0x1               projecto.o
rega1_hora_inicio   0x1               projecto.o
seguro1_minuto_inicio
                    0x1               projecto.o
variavel_hora       0x1               projecto.o
rega2_minuto_fim    0x1               projecto.o
rega1_minuto_inicio
                    0x1               projecto.o
minuto_inicio_seguro
                    0x1               projecto.o
dias                0x1               projecto.o
hora_fim_rega       0x1               projecto.o
seguro2_hora_inicio
                    0x1               projecto.o
hora_inicio_seguro  0x1               projecto.o
seguro2_hora_fim    0x1               projecto.o
hora_fim_seguro     0x1               projecto.o
variavel_dia        0x1               projecto.o
digito_segundo      0x1               projecto.o
seguro1_hora_fim    0x1               projecto.o
minuto_fim_seguro   0x1               projecto.o
minutos             0x1               projecto.o
digito_minuto       0x1               projecto.o

Discarded input sections

 .data          0x00000000        0x0 c:/program files (x86)/atmel/atmel toolchain/avr8 gcc/native/3.4.1061/avr8-gnu-toolchain/bin/../lib/gcc/avr/4.8.1/../../../../avr/lib/avr4/crtm88.o
 .bss           0x00000000        0x0 c:/program files (x86)/atmel/atmel toolchain/avr8 gcc/native/3.4.1061/avr8-gnu-toolchain/bin/../lib/gcc/avr/4.8.1/../../../../avr/lib/avr4/crtm88.o
 .text          0x00000000        0x0 lcd.o
 .data          0x00000000        0x0 lcd.o
 .bss           0x00000000        0x0 lcd.o
 .text          0x00000000        0x0 projecto.o
 .data          0x00000000        0x0 projecto.o
 .bss           0x00000000        0x0 projecto.o
 .text.twi_master_send_string
                0x00000000       0x40 projecto.o
 .text.twi_master_receive_data
                0x00000000       0x16 projecto.o
 .text.twi_master_receive_string
                0x00000000       0x56 projecto.o
 .bss.tecla_posicao
                0x00000000        0x1 projecto.o
 .text          0x00000000        0x0 c:/program files (x86)/atmel/atmel toolchain/avr8 gcc/native/3.4.1061/avr8-gnu-toolchain/bin/../lib/gcc/avr/4.8.1/avr4\libgcc.a(_divmodhi4.o)
 .data          0x00000000        0x0 c:/program files (x86)/atmel/atmel toolchain/avr8 gcc/native/3.4.1061/avr8-gnu-toolchain/bin/../lib/gcc/avr/4.8.1/avr4\libgcc.a(_divmodhi4.o)
 .bss           0x00000000        0x0 c:/program files (x86)/atmel/atmel toolchain/avr8 gcc/native/3.4.1061/avr8-gnu-toolchain/bin/../lib/gcc/avr/4.8.1/avr4\libgcc.a(_divmodhi4.o)
 .text.libgcc.mul
                0x00000000        0x0 c:/program files (x86)/atmel/atmel toolchain/avr8 gcc/native/3.4.1061/avr8-gnu-toolchain/bin/../lib/gcc/avr/4.8.1/avr4\libgcc.a(_divmodhi4.o)
 .text.libgcc   0x00000000        0x0 c:/program files (x86)/atmel/atmel toolchain/avr8 gcc/native/3.4.1061/avr8-gnu-toolchain/bin/../lib/gcc/avr/4.8.1/avr4\libgcc.a(_divmodhi4.o)
 .text.libgcc.prologue
                0x00000000        0x0 c:/program files (x86)/atmel/atmel toolchain/avr8 gcc/native/3.4.1061/avr8-gnu-toolchain/bin/../lib/gcc/avr/4.8.1/avr4\libgcc.a(_divmodhi4.o)
 .text.libgcc.builtins
                0x00000000        0x0 c:/program files (x86)/atmel/atmel toolchain/avr8 gcc/native/3.4.1061/avr8-gnu-toolchain/bin/../lib/gcc/avr/4.8.1/avr4\libgcc.a(_divmodhi4.o)
 .text.libgcc.fmul
                0x00000000        0x0 c:/program files (x86)/atmel/atmel toolchain/avr8 gcc/native/3.4.1061/avr8-gnu-toolchain/bin/../lib/gcc/avr/4.8.1/avr4\libgcc.a(_divmodhi4.o)
 .text.libgcc.fixed
                0x00000000        0x0 c:/program files (x86)/atmel/atmel toolchain/avr8 gcc/native/3.4.1061/avr8-gnu-toolchain/bin/../lib/gcc/avr/4.8.1/avr4\libgcc.a(_divmodhi4.o)
 .text          0x00000000        0x0 c:/program files (x86)/atmel/atmel toolchain/avr8 gcc/native/3.4.1061/avr8-gnu-toolchain/bin/../lib/gcc/avr/4.8.1/avr4\libgcc.a(_exit.o)
 .data          0x00000000        0x0 c:/program files (x86)/atmel/atmel toolchain/avr8 gcc/native/3.4.1061/avr8-gnu-toolchain/bin/../lib/gcc/avr/4.8.1/avr4\libgcc.a(_exit.o)
 .bss           0x00000000        0x0 c:/program files (x86)/atmel/atmel toolchain/avr8 gcc/native/3.4.1061/avr8-gnu-toolchain/bin/../lib/gcc/avr/4.8.1/avr4\libgcc.a(_exit.o)
 .text.libgcc.mul
                0x00000000        0x0 c:/program files (x86)/atmel/atmel toolchain/avr8 gcc/native/3.4.1061/avr8-gnu-toolchain/bin/../lib/gcc/avr/4.8.1/avr4\libgcc.a(_exit.o)
 .text.libgcc.div
                0x00000000        0x0 c:/program files (x86)/atmel/atmel toolchain/avr8 gcc/native/3.4.1061/avr8-gnu-toolchain/bin/../lib/gcc/avr/4.8.1/avr4\libgcc.a(_exit.o)
 .text.libgcc   0x00000000        0x0 c:/program files (x86)/atmel/atmel toolchain/avr8 gcc/native/3.4.1061/avr8-gnu-toolchain/bin/../lib/gcc/avr/4.8.1/avr4\libgcc.a(_exit.o)
 .text.libgcc.prologue
                0x00000000        0x0 c:/program files (x86)/atmel/atmel toolchain/avr8 gcc/native/3.4.1061/avr8-gnu-toolchain/bin/../lib/gcc/avr/4.8.1/avr4\libgcc.a(_exit.o)
 .text.libgcc.builtins
                0x00000000        0x0 c:/program files (x86)/atmel/atmel toolchain/avr8 gcc/native/3.4.1061/avr8-gnu-toolchain/bin/../lib/gcc/avr/4.8.1/avr4\libgcc.a(_exit.o)
 .text.libgcc.fmul
                0x00000000        0x0 c:/program files (x86)/atmel/atmel toolchain/avr8 gcc/native/3.4.1061/avr8-gnu-toolchain/bin/../lib/gcc/avr/4.8.1/avr4\libgcc.a(_exit.o)
 .text.libgcc.fixed
                0x00000000        0x0 c:/program files (x86)/atmel/atmel toolchain/avr8 gcc/native/3.4.1061/avr8-gnu-toolchain/bin/../lib/gcc/avr/4.8.1/avr4\libgcc.a(_exit.o)
 .text          0x00000000        0x0 c:/program files (x86)/atmel/atmel toolchain/avr8 gcc/native/3.4.1061/avr8-gnu-toolchain/bin/../lib/gcc/avr/4.8.1/avr4\libgcc.a(_copy_data.o)
 .data          0x00000000        0x0 c:/program files (x86)/atmel/atmel toolchain/avr8 gcc/native/3.4.1061/avr8-gnu-toolchain/bin/../lib/gcc/avr/4.8.1/avr4\libgcc.a(_copy_data.o)
 .bss           0x00000000        0x0 c:/program files (x86)/atmel/atmel toolchain/avr8 gcc/native/3.4.1061/avr8-gnu-toolchain/bin/../lib/gcc/avr/4.8.1/avr4\libgcc.a(_copy_data.o)
 .text.libgcc.mul
                0x00000000        0x0 c:/program files (x86)/atmel/atmel toolchain/avr8 gcc/native/3.4.1061/avr8-gnu-toolchain/bin/../lib/gcc/avr/4.8.1/avr4\libgcc.a(_copy_data.o)
 .text.libgcc.div
                0x00000000        0x0 c:/program files (x86)/atmel/atmel toolchain/avr8 gcc/native/3.4.1061/avr8-gnu-toolchain/bin/../lib/gcc/avr/4.8.1/avr4\libgcc.a(_copy_data.o)
 .text.libgcc   0x00000000        0x0 c:/program files (x86)/atmel/atmel toolchain/avr8 gcc/native/3.4.1061/avr8-gnu-toolchain/bin/../lib/gcc/avr/4.8.1/avr4\libgcc.a(_copy_data.o)
 .text.libgcc.prologue
                0x00000000        0x0 c:/program files (x86)/atmel/atmel toolchain/avr8 gcc/native/3.4.1061/avr8-gnu-toolchain/bin/../lib/gcc/avr/4.8.1/avr4\libgcc.a(_copy_data.o)
 .text.libgcc.builtins
                0x00000000        0x0 c:/program files (x86)/atmel/atmel toolchain/avr8 gcc/native/3.4.1061/avr8-gnu-toolchain/bin/../lib/gcc/avr/4.8.1/avr4\libgcc.a(_copy_data.o)
 .text.libgcc.fmul
                0x00000000        0x0 c:/program files (x86)/atmel/atmel toolchain/avr8 gcc/native/3.4.1061/avr8-gnu-toolchain/bin/../lib/gcc/avr/4.8.1/avr4\libgcc.a(_copy_data.o)
 .text.libgcc.fixed
                0x00000000        0x0 c:/program files (x86)/atmel/atmel toolchain/avr8 gcc/native/3.4.1061/avr8-gnu-toolchain/bin/../lib/gcc/avr/4.8.1/avr4\libgcc.a(_copy_data.o)
 .text          0x00000000        0x0 c:/program files (x86)/atmel/atmel toolchain/avr8 gcc/native/3.4.1061/avr8-gnu-toolchain/bin/../lib/gcc/avr/4.8.1/avr4\libgcc.a(_clear_bss.o)
 .data          0x00000000        0x0 c:/program files (x86)/atmel/atmel toolchain/avr8 gcc/native/3.4.1061/avr8-gnu-toolchain/bin/../lib/gcc/avr/4.8.1/avr4\libgcc.a(_clear_bss.o)
 .bss           0x00000000        0x0 c:/program files (x86)/atmel/atmel toolchain/avr8 gcc/native/3.4.1061/avr8-gnu-toolchain/bin/../lib/gcc/avr/4.8.1/avr4\libgcc.a(_clear_bss.o)
 .text.libgcc.mul
                0x00000000        0x0 c:/program files (x86)/atmel/atmel toolchain/avr8 gcc/native/3.4.1061/avr8-gnu-toolchain/bin/../lib/gcc/avr/4.8.1/avr4\libgcc.a(_clear_bss.o)
 .text.libgcc.div
                0x00000000        0x0 c:/program files (x86)/atmel/atmel toolchain/avr8 gcc/native/3.4.1061/avr8-gnu-toolchain/bin/../lib/gcc/avr/4.8.1/avr4\libgcc.a(_clear_bss.o)
 .text.libgcc   0x00000000        0x0 c:/program files (x86)/atmel/atmel toolchain/avr8 gcc/native/3.4.1061/avr8-gnu-toolchain/bin/../lib/gcc/avr/4.8.1/avr4\libgcc.a(_clear_bss.o)
 .text.libgcc.prologue
                0x00000000        0x0 c:/program files (x86)/atmel/atmel toolchain/avr8 gcc/native/3.4.1061/avr8-gnu-toolchain/bin/../lib/gcc/avr/4.8.1/avr4\libgcc.a(_clear_bss.o)
 .text.libgcc.builtins
                0x00000000        0x0 c:/program files (x86)/atmel/atmel toolchain/avr8 gcc/native/3.4.1061/avr8-gnu-toolchain/bin/../lib/gcc/avr/4.8.1/avr4\libgcc.a(_clear_bss.o)
 .text.libgcc.fmul
                0x00000000        0x0 c:/program files (x86)/atmel/atmel toolchain/avr8 gcc/native/3.4.1061/avr8-gnu-toolchain/bin/../lib/gcc/avr/4.8.1/avr4\libgcc.a(_clear_bss.o)
 .text.libgcc.fixed
                0x00000000        0x0 c:/program files (x86)/atmel/atmel toolchain/avr8 gcc/native/3.4.1061/avr8-gnu-toolchain/bin/../lib/gcc/avr/4.8.1/avr4\libgcc.a(_clear_bss.o)
 .text          0x00000000        0x0 c:/program files (x86)/atmel/atmel toolchain/avr8 gcc/native/3.4.1061/avr8-gnu-toolchain/bin/../lib/gcc/avr/4.8.1/avr4\libgcc.a(_udivmodhi4.o)
 .data          0x00000000        0x0 c:/program files (x86)/atmel/atmel toolchain/avr8 gcc/native/3.4.1061/avr8-gnu-toolchain/bin/../lib/gcc/avr/4.8.1/avr4\libgcc.a(_udivmodhi4.o)
 .bss           0x00000000        0x0 c:/program files (x86)/atmel/atmel toolchain/avr8 gcc/native/3.4.1061/avr8-gnu-toolchain/bin/../lib/gcc/avr/4.8.1/avr4\libgcc.a(_udivmodhi4.o)
 .text.libgcc.mul
                0x00000000        0x0 c:/program files (x86)/atmel/atmel toolchain/avr8 gcc/native/3.4.1061/avr8-gnu-toolchain/bin/../lib/gcc/avr/4.8.1/avr4\libgcc.a(_udivmodhi4.o)
 .text.libgcc   0x00000000        0x0 c:/program files (x86)/atmel/atmel toolchain/avr8 gcc/native/3.4.1061/avr8-gnu-toolchain/bin/../lib/gcc/avr/4.8.1/avr4\libgcc.a(_udivmodhi4.o)
 .text.libgcc.prologue
                0x00000000        0x0 c:/program files (x86)/atmel/atmel toolchain/avr8 gcc/native/3.4.1061/avr8-gnu-toolchain/bin/../lib/gcc/avr/4.8.1/avr4\libgcc.a(_udivmodhi4.o)
 .text.libgcc.builtins
                0x00000000        0x0 c:/program files (x86)/atmel/atmel toolchain/avr8 gcc/native/3.4.1061/avr8-gnu-toolchain/bin/../lib/gcc/avr/4.8.1/avr4\libgcc.a(_udivmodhi4.o)
 .text.libgcc.fmul
                0x00000000        0x0 c:/program files (x86)/atmel/atmel toolchain/avr8 gcc/native/3.4.1061/avr8-gnu-toolchain/bin/../lib/gcc/avr/4.8.1/avr4\libgcc.a(_udivmodhi4.o)
 .text.libgcc.fixed
                0x00000000        0x0 c:/program files (x86)/atmel/atmel toolchain/avr8 gcc/native/3.4.1061/avr8-gnu-toolchain/bin/../lib/gcc/avr/4.8.1/avr4\libgcc.a(_udivmodhi4.o)

Memory Configuration

Name             Origin             Length             Attributes
text             0x00000000         0x00002000         xr
data             0x00800060         0x0000ffa0         rw !x
eeprom           0x00810000         0x00010000         rw !x
fuse             0x00820000         0x00000400         rw !x
lock             0x00830000         0x00000400         rw !x
signature        0x00840000         0x00000400         rw !x
user_signatures  0x00850000         0x00000400         rw !x
*default*        0x00000000         0xffffffff

Linker script and memory map

Address of section .data set to 0x800100
LOAD c:/program files (x86)/atmel/atmel toolchain/avr8 gcc/native/3.4.1061/avr8-gnu-toolchain/bin/../lib/gcc/avr/4.8.1/../../../../avr/lib/avr4/crtm88.o
LOAD lcd.o
LOAD projecto.o
START GROUP
LOAD c:/program files (x86)/atmel/atmel toolchain/avr8 gcc/native/3.4.1061/avr8-gnu-toolchain/bin/../lib/gcc/avr/4.8.1/../../../../avr/lib/avr4\libm.a
END GROUP
START GROUP
LOAD c:/program files (x86)/atmel/atmel toolchain/avr8 gcc/native/3.4.1061/avr8-gnu-toolchain/bin/../lib/gcc/avr/4.8.1/avr4\libgcc.a
LOAD c:/program files (x86)/atmel/atmel toolchain/avr8 gcc/native/3.4.1061/avr8-gnu-toolchain/bin/../lib/gcc/avr/4.8.1/../../../../avr/lib/avr4\libm.a
LOAD c:/program files (x86)/atmel/atmel toolchain/avr8 gcc/native/3.4.1061/avr8-gnu-toolchain/bin/../lib/gcc/avr/4.8.1/../../../../avr/lib/avr4\libc.a
END GROUP

.hash
 *(.hash)

.dynsym
 *(.dynsym)

.dynstr
 *(.dynstr)

.gnu.version
 *(.gnu.version)

.gnu.version_d
 *(.gnu.version_d)

.gnu.version_r
 *(.gnu.version_r)

.rel.init
 *(.rel.init)

.rela.init
 *(.rela.init)

.rel.text
 *(.rel.text)
 *(.rel.text.*)
 *(.rel.gnu.linkonce.t*)

.rela.text
 *(.rela.text)
 *(.rela.text.*)
 *(.rela.gnu.linkonce.t*)

.rel.fini
 *(.rel.fini)

.rela.fini
 *(.rela.fini)

.rel.rodata
 *(.rel.rodata)
 *(.rel.rodata.*)
 *(.rel.gnu.linkonce.r*)

.rela.rodata
 *(.rela.rodata)
 *(.rela.rodata.*)
 *(.rela.gnu.linkonce.r*)

.rel.data
 *(.rel.data)
 *(.rel.data.*)
 *(.rel.gnu.linkonce.d*)

.rela.data
 *(.rela.data)
 *(.rela.data.*)
 *(.rela.gnu.linkonce.d*)

.rel.ctors
 *(.rel.ctors)

.rela.ctors
 *(.rela.ctors)

.rel.dtors
 *(.rel.dtors)

.rela.dtors
 *(.rela.dtors)

.rel.got
 *(.rel.got)

.rela.got
 *(.rela.got)

.rel.bss
 *(.rel.bss)

.rela.bss
 *(.rela.bss)

.rel.plt
 *(.rel.plt)

.rela.plt
 *(.rela.plt)

.text           0x00000000     0x1544
 *(.vectors)
 .vectors       0x00000000       0x34 c:/program files (x86)/atmel/atmel toolchain/avr8 gcc/native/3.4.1061/avr8-gnu-toolchain/bin/../lib/gcc/avr/4.8.1/../../../../avr/lib/avr4/crtm88.o
                0x00000000                __vector_default
                0x00000000                __vectors
 *(.vectors)
 *(.progmem.gcc*)
 .progmem.gcc_sw_table.acerta_dia
                0x00000034        0xe projecto.o
 .progmem.gcc_sw_table.main
                0x00000042        0xe projecto.o
                0x00000050                . = ALIGN (0x2)
                0x00000050                __trampolines_start = .
 *(.trampolines)
 .trampolines   0x00000050        0x0 linker stubs
 *(.trampolines*)
                0x00000050                __trampolines_end = .
 *(.progmem*)
                0x00000050                . = ALIGN (0x2)
 *(.jumptables)
 *(.jumptables*)
 *(.lowtext)
 *(.lowtext*)
                0x00000050                __ctors_start = .
 *(.ctors)
                0x00000050                __ctors_end = .
                0x00000050                __dtors_start = .
 *(.dtors)
                0x00000050                __dtors_end = .
 SORT(*)(.ctors)
 SORT(*)(.dtors)
 *(.init0)
 .init0         0x00000050        0x0 c:/program files (x86)/atmel/atmel toolchain/avr8 gcc/native/3.4.1061/avr8-gnu-toolchain/bin/../lib/gcc/avr/4.8.1/../../../../avr/lib/avr4/crtm88.o
                0x00000050                __init
 *(.init0)
 *(.init1)
 *(.init1)
 *(.init2)
 .init2         0x00000050        0xc c:/program files (x86)/atmel/atmel toolchain/avr8 gcc/native/3.4.1061/avr8-gnu-toolchain/bin/../lib/gcc/avr/4.8.1/../../../../avr/lib/avr4/crtm88.o
 *(.init2)
 *(.init3)
 *(.init3)
 *(.init4)
 .init4         0x0000005c       0x16 c:/program files (x86)/atmel/atmel toolchain/avr8 gcc/native/3.4.1061/avr8-gnu-toolchain/bin/../lib/gcc/avr/4.8.1/avr4\libgcc.a(_copy_data.o)
                0x0000005c                __do_copy_data
 .init4         0x00000072       0x10 c:/program files (x86)/atmel/atmel toolchain/avr8 gcc/native/3.4.1061/avr8-gnu-toolchain/bin/../lib/gcc/avr/4.8.1/avr4\libgcc.a(_clear_bss.o)
                0x00000072                __do_clear_bss
 *(.init4)
 *(.init5)
 *(.init5)
 *(.init6)
 *(.init6)
 *(.init7)
 *(.init7)
 *(.init8)
 *(.init8)
 *(.init9)
 .init9         0x00000082        0x4 c:/program files (x86)/atmel/atmel toolchain/avr8 gcc/native/3.4.1061/avr8-gnu-toolchain/bin/../lib/gcc/avr/4.8.1/../../../../avr/lib/avr4/crtm88.o
 *(.init9)
 *(.text)
 .text          0x00000086        0x2 c:/program files (x86)/atmel/atmel toolchain/avr8 gcc/native/3.4.1061/avr8-gnu-toolchain/bin/../lib/gcc/avr/4.8.1/../../../../avr/lib/avr4/crtm88.o
                0x00000086                __vector_22
                0x00000086                __vector_1
                0x00000086                __vector_24
                0x00000086                __vector_12
                0x00000086                __bad_interrupt
                0x00000086                __vector_6
                0x00000086                __vector_3
                0x00000086                __vector_23
                0x00000086                __vector_25
                0x00000086                __vector_11
                0x00000086                __vector_13
                0x00000086                __vector_17
                0x00000086                __vector_19
                0x00000086                __vector_7
                0x00000086                __vector_5
                0x00000086                __vector_4
                0x00000086                __vector_9
                0x00000086                __vector_2
                0x00000086                __vector_21
                0x00000086                __vector_15
                0x00000086                __vector_8
                0x00000086                __vector_10
                0x00000086                __vector_16
                0x00000086                __vector_18
                0x00000086                __vector_20
                0x00000088                . = ALIGN (0x2)
 *(.text.*)
 .text.LCDBusyLoop
                0x00000088       0x38 lcd.o
                0x00000088                LCDBusyLoop
 .text.LCDByte  0x000000c0       0x3c lcd.o
                0x000000c0                LCDByte
 .text.LCDWriteString
                0x000000fc       0x56 lcd.o
                0x000000fc                LCDWriteString
 .text.LCDWriteInt
                0x00000152       0xbc lcd.o
                0x00000152                LCDWriteInt
 .text.LCDGotoXY
                0x0000020e       0x22 lcd.o
                0x0000020e                LCDGotoXY
 .text.LCDInit  0x00000230       0x74 lcd.o
                0x00000230                LCDInit
 .text.twi_init
                0x000002a4        0xc projecto.o
                0x000002a4                twi_init
 .text.twi_send_start
                0x000002b0       0x18 projecto.o
                0x000002b0                twi_send_start
 .text.twi_send_repeated_start
                0x000002c8       0x18 projecto.o
                0x000002c8                twi_send_repeated_start
 .text.twi_send_address_rw
                0x000002e0       0x1c projecto.o
                0x000002e0                twi_send_address_rw
 .text.twi_master_send_data
                0x000002fc       0x1c projecto.o
                0x000002fc                twi_master_send_data
 .text.twi_master_receive_last_data
                0x00000318       0x16 projecto.o
                0x00000318                twi_master_receive_last_data
 .text.twi_send_stop
                0x0000032e       0x12 projecto.o
                0x0000032e                twi_send_stop
 .text.ds1307_read_second
                0x00000340       0x14 projecto.o
                0x00000340                ds1307_read_second
 .text.ds1307_read_minute
                0x00000354       0x14 projecto.o
                0x00000354                ds1307_read_minute
 .text.ds1307_read_hour
                0x00000368       0x14 projecto.o
                0x00000368                ds1307_read_hour
 .text.ds1307_read_day
                0x0000037c       0x14 projecto.o
                0x0000037c                ds1307_read_day
 .text.ds1307_read_date
                0x00000390       0x14 projecto.o
                0x00000390                ds1307_read_date
 .text.ds1307_read_month
                0x000003a4       0x14 projecto.o
                0x000003a4                ds1307_read_month
 .text.ds1307_read_year
                0x000003b8       0x14 projecto.o
                0x000003b8                ds1307_read_year
 .text.convert_decimal_to_bcd
                0x000003cc       0x26 projecto.o
                0x000003cc                convert_decimal_to_bcd
 .text.ds1307_second_write
                0x000003f2       0x1a projecto.o
                0x000003f2                ds1307_second_write
 .text.ds1307_minute_write
                0x0000040c       0x1a projecto.o
                0x0000040c                ds1307_minute_write
 .text.ds1307_hour_write
                0x00000426       0x3e projecto.o
                0x00000426                ds1307_hour_write
 .text.ds1307_day_write
                0x00000464       0x1a projecto.o
                0x00000464                ds1307_day_write
 .text.ds1307_date_write
                0x0000047e       0x1a projecto.o
                0x0000047e                ds1307_date_write
 .text.ds1307_month_write
                0x00000498       0x1a projecto.o
                0x00000498                ds1307_month_write
 .text.ds1307_year_write
                0x000004b2       0x1a projecto.o
                0x000004b2                ds1307_year_write
 .text.convert_bcd_to_decimal
                0x000004cc       0x16 projecto.o
                0x000004cc                convert_bcd_to_decimal
 .text.inic_timer
                0x000004e2       0x2c projecto.o
                0x000004e2                inic_timer
 .text.__vector_14
                0x0000050e       0x36 projecto.o
                0x0000050e                __vector_14
 .text.inicio_teclado
                0x00000544        0xa projecto.o
                0x00000544                inicio_teclado
 .text.rega_manual
                0x0000054e       0x74 projecto.o
                0x0000054e                rega_manual
 .text.seguranca_manual
                0x000005c2       0x72 projecto.o
                0x000005c2                seguranca_manual
 .text.seguranca_automatica
                0x00000634       0x6e projecto.o
                0x00000634                seguranca_automatica
 .text.rega_automatica
                0x000006a2       0x98 projecto.o
                0x000006a2                rega_automatica
 .text.teclado  0x0000073a       0xf0 projecto.o
                0x0000073a                teclado
 .text.acerta_hora
                0x0000082a      0x39c projecto.o
                0x0000082a                acerta_hora
 .text.acerta_dia
                0x00000bc6      0x132 projecto.o
                0x00000bc6                acerta_dia
 .text.acerta_automatico
                0x00000cf8      0x558 projecto.o
                0x00000cf8                acerta_automatico
 .text.main     0x00001250      0x2a2 projecto.o
                0x00001250                main
 .text.libgcc.div
                0x000014f2       0x26 c:/program files (x86)/atmel/atmel toolchain/avr8 gcc/native/3.4.1061/avr8-gnu-toolchain/bin/../lib/gcc/avr/4.8.1/avr4\libgcc.a(_divmodhi4.o)
                0x000014f2                _div
                0x000014f2                __divmodhi4
 .text.libgcc.div
                0x00001518       0x28 c:/program files (x86)/atmel/atmel toolchain/avr8 gcc/native/3.4.1061/avr8-gnu-toolchain/bin/../lib/gcc/avr/4.8.1/avr4\libgcc.a(_udivmodhi4.o)
                0x00001518                __udivmodhi4
                0x00001540                . = ALIGN (0x2)
 *(.fini9)
 .fini9         0x00001540        0x0 c:/program files (x86)/atmel/atmel toolchain/avr8 gcc/native/3.4.1061/avr8-gnu-toolchain/bin/../lib/gcc/avr/4.8.1/avr4\libgcc.a(_exit.o)
                0x00001540                _exit
                0x00001540                exit
 *(.fini9)
 *(.fini8)
 *(.fini8)
 *(.fini7)
 *(.fini7)
 *(.fini6)
 *(.fini6)
 *(.fini5)
 *(.fini5)
 *(.fini4)
 *(.fini4)
 *(.fini3)
 *(.fini3)
 *(.fini2)
 *(.fini2)
 *(.fini1)
 *(.fini1)
 *(.fini0)
 .fini0         0x00001540        0x4 c:/program files (x86)/atmel/atmel toolchain/avr8 gcc/native/3.4.1061/avr8-gnu-toolchain/bin/../lib/gcc/avr/4.8.1/avr4\libgcc.a(_exit.o)
 *(.fini0)
                0x00001544                _etext = .

.data           0x00800100      0x1e2 load address 0x00001544
                0x00800100                PROVIDE (__data_start, .)
 *(.data)
 *(.data*)
 .data.__cgram  0x00800100       0x40 lcd.o
                0x00800100                __cgram
 .data.num_click_seguranca
                0x00800140        0x1 projecto.o
                0x00800140                num_click_seguranca
 .data.num_click_rega
                0x00800141        0x1 projecto.o
                0x00800141                num_click_rega
 .data.count    0x00800142        0x1 projecto.o
                0x00800142                count
 *(.rodata)
 *(.rodata*)
 .rodata.str1.1
                0x00800143      0x19f projecto.o
                                0x1be (size before relaxing)
 *(.gnu.linkonce.d*)
                0x008002e2                . = ALIGN (0x2)
                0x008002e2                _edata = .
                0x008002e2                PROVIDE (__data_end, .)

.bss            0x008002e2       0x2e
                0x008002e2                PROVIDE (__bss_start, .)
 *(.bss)
 *(.bss*)
 .bss.ano       0x008002e2        0x1 projecto.o
                0x008002e2                ano
 .bss.mes       0x008002e3        0x1 projecto.o
                0x008002e3                mes
 .bss.data      0x008002e4        0x1 projecto.o
                0x008002e4                data
 .bss.dia       0x008002e5        0x1 projecto.o
                0x008002e5                dia
 .bss.hora      0x008002e6        0x1 projecto.o
                0x008002e6                hora
 .bss.minuto    0x008002e7        0x1 projecto.o
                0x008002e7                minuto
 .bss.segundo   0x008002e8        0x1 projecto.o
                0x008002e8                segundo
 .bss.relogio_click
                0x008002e9        0x1 projecto.o
                0x008002e9                relogio_click
 .bss.flag_seguranca
                0x008002ea        0x1 projecto.o
                0x008002ea                flag_seguranca
 .bss.flag_rega
                0x008002eb        0x1 projecto.o
                0x008002eb                flag_rega
 .bss.flag_int  0x008002ec        0x1 projecto.o
                0x008002ec                flag_int
 *(COMMON)
 COMMON         0x008002ed       0x23 projecto.o
                0x008002ed                rega2_minuto_inicio
                0x008002ee                horas
                0x008002ef                rega2_hora_inicio
                0x008002f0                rega1_hora_fim
                0x008002f1                rega1_minuto_fim
                0x008002f2                minuto_inicio_rega
                0x008002f3                variavel_segundo
                0x008002f4                hora_inicio_rega
                0x008002f5                digito_hora
                0x008002f6                minuto_fim_rega
                0x008002f7                seguro2_minuto_fim
                0x008002f8                rega2_hora_fim
                0x008002f9                seguro1_minuto_fim
                0x008002fa                seguro2_minuto_inicio
                0x008002fb                variavel_minuto
                0x008002fc                segundos
                0x008002fd                seguro1_hora_inicio
                0x008002fe                rega1_hora_inicio
                0x008002ff                seguro1_minuto_inicio
                0x00800300                variavel_hora
                0x00800301                rega2_minuto_fim
                0x00800302                rega1_minuto_inicio
                0x00800303                minuto_inicio_seguro
                0x00800304                dias
                0x00800305                hora_fim_rega
                0x00800306                seguro2_hora_inicio
                0x00800307                hora_inicio_seguro
                0x00800308                seguro2_hora_fim
                0x00800309                hora_fim_seguro
                0x0080030a                variavel_dia
                0x0080030b                digito_segundo
                0x0080030c                seguro1_hora_fim
                0x0080030d                minuto_fim_seguro
                0x0080030e                minutos
                0x0080030f                digito_minuto
                0x00800310                PROVIDE (__bss_end, .)
                0x00001544                __data_load_start = LOADADDR (.data)
                0x00001726                __data_load_end = (__data_load_start + SIZEOF (.data))

.noinit         0x00800310        0x0
                0x00800310                PROVIDE (__noinit_start, .)
 *(.noinit*)
                0x00800310                PROVIDE (__noinit_end, .)
                0x00800310                _end = .
                0x00800310                PROVIDE (__heap_start, .)

.eeprom         0x00810000        0x0
 *(.eeprom*)
                0x00810000                __eeprom_end = .

.fuse
 *(.fuse)
 *(.lfuse)
 *(.hfuse)
 *(.efuse)

.lock
 *(.lock*)

.signature
 *(.signature*)

.user_signatures
 *(.user_signatures*)

.stab
 *(.stab)

.stabstr
 *(.stabstr)

.stab.excl
 *(.stab.excl)

.stab.exclstr
 *(.stab.exclstr)

.stab.index
 *(.stab.index)

.stab.indexstr
 *(.stab.indexstr)

.comment        0x00000000       0x30
 *(.comment)
 .comment       0x00000000       0x30 lcd.o
                                 0x31 (size before relaxing)
 .comment       0x00000000       0x31 projecto.o

.note.gnu.build-id
 *(.note.gnu.build-id)

.debug
 *(.debug)

.line
 *(.line)

.debug_srcinfo
 *(.debug_srcinfo)

.debug_sfnames
 *(.debug_sfnames)

.debug_aranges  0x00000000      0x190
 *(.debug_aranges)
 .debug_aranges
                0x00000000       0x48 lcd.o
 .debug_aranges
                0x00000048      0x148 projecto.o

.debug_pubnames
 *(.debug_pubnames)

.debug_info     0x00000000     0x2f3e
 *(.debug_info .gnu.linkonce.wi.*)
 .debug_info    0x00000000      0x78b lcd.o
 .debug_info    0x0000078b     0x27b3 projecto.o

.debug_abbrev   0x00000000      0x595
 *(.debug_abbrev)
 .debug_abbrev  0x00000000      0x227 lcd.o
 .debug_abbrev  0x00000227      0x36e projecto.o

.debug_line     0x00000000      0xa63
 *(.debug_line .debug_line.* .debug_line_end)
 .debug_line    0x00000000      0x2df lcd.o
 .debug_line    0x000002df      0x784 projecto.o

.debug_frame    0x00000000      0x408
 *(.debug_frame)
 .debug_frame   0x00000000       0xc0 lcd.o
 .debug_frame   0x000000c0      0x348 projecto.o

.debug_str      0x00000000      0x7d0
 *(.debug_str)
 .debug_str     0x00000000      0x1e6 lcd.o
                                0x22d (size before relaxing)
 .debug_str     0x000001e6      0x5ea projecto.o
                                0x7c7 (size before relaxing)

.debug_loc      0x00000000      0xe8a
 *(.debug_loc)
 .debug_loc     0x00000000      0x489 lcd.o
 .debug_loc     0x00000489      0xa01 projecto.o

.debug_macinfo
 *(.debug_macinfo)

.debug_weaknames
 *(.debug_weaknames)

.debug_funcnames
 *(.debug_funcnames)

.debug_typenames
 *(.debug_typenames)

.debug_varnames
 *(.debug_varnames)

.debug_pubtypes
 *(.debug_pubtypes)

.debug_ranges   0x00000000      0x170
 *(.debug_ranges)
 .debug_ranges  0x00000000       0x38 lcd.o
 .debug_ranges  0x00000038      0x138 projecto.o

.debug_macro
 *(.debug_macro)
OUTPUT(projecto.elf elf32-avr)
LOAD linker stubs
